<html>
<body>
<pre>
<h1>µVision Build Log</h1>
<h2>Tool Versions:</h2>
IDE-Version: µVision V5.39.0.0
Copyright (C) 2023 ARM Ltd and ARM Germany GmbH. All rights reserved.
License Information: harekrishna ray, Scaledge, LIC=----
 
Tool Versions:
Toolchain:       MDK-Lite  Version: 5.39.0.0
Toolchain Path:  C:\Keil_v5\ARM\ARMCLANG\Bin
C Compiler:      ArmClang.exe V6.21
Assembler:       Armasm.exe V6.21
Linker/Locator:  ArmLink.exe V6.21
Library Manager: ArmAr.exe V6.21
Hex Converter:   FromElf.exe V6.21
CPU DLL:         SARMCM3.DLL V5.39.0.0
Dialog DLL:      DCM.DLL V1.17.5.0
Target DLL:      UL2CM3.DLL V1.164.9.0
Dialog DLL:      TCM.DLL V1.56.4.0
 
<h2>Project:</h2>
C:\Users\ADMIN\Desktop\SoC\cortexm3_soc\top\sim\uart_interrupt0_test_3\first.uvprojx
Project File Date:  05/15/2024

<h2>Output:</h2>
*** Using Compiler 'V6.21', folder: 'C:\Keil_v5\ARM\ARMCLANG\Bin'
Rebuild target 'Target 1'
"startup.s", line 79: Warning: A1581W: Added 2 bytes of padding at address 0x6
   79 00000008                                 END
0 Errors, 1 Warning
assembling startup.s...
first.c(21): warning: variable 'uart_read_store' set but not used [-Wunused-but-set-variable]
   21 |          uint32_t j,uart_read_store;
      |                     ^
first.c(35): warning: a function declaration without a prototype is deprecated in all versions of C [-Wstrict-prototypes]
   35 | int main () 
      |          ^
      |           void
first.c(38): warning: variable 'uart_read_store' set but not used [-Wunused-but-set-variable]
   38 |         uint32_t uart_read_store;
      |                  ^
3 warnings generated.
compiling first.c...
linking...
Program Size: Code=644 RO-data=84 RW-data=0 ZI-data=1028  
After Build - User command #1: fromelf -cvf .\Objects\first.axf --vhx --8x1 -o image.hex
After Build - User command #2: fromelf -cvf .\Objects\first.axf -o disasm.txt
".\Objects\first.axf" - 0 Error(s), 3 Warning(s).

<h2>Software Packages used:</h2>

Package Vendor: ARM
                http://www.keil.com/pack/ARM.CMSIS.5.9.0.pack
                ARM::CMSIS@5.9.0
                CMSIS (Common Microcontroller Software Interface Standard)

<h2>Collection of Component include folders:</h2>
  C:/Users/ADMIN/AppData/Local/Arm/Packs/ARM/CMSIS/5.9.0/Device/ARM/ARMCM4/Include

<h2>Collection of Component Files used:</h2>
Build Time Elapsed:  00:00:02
</pre>
</body>
</html>
