<html>
<body>
<pre>
<h1>µVision Build Log</h1>
<h2>Tool Versions:</h2>
IDE-Version: µVision V5.43.1.0
Copyright (C) 2025 ARM Ltd and ARM Germany GmbH. All rights reserved.
License Information: sdcsdz sdvsd, svsd, LIC=----
 
Tool Versions:
Toolchain:       MDK-Lite  Version: 5.43.0.0
Toolchain Path:  C:\Keil\ARM\ARMCLANG\Bin
C Compiler:      ArmClang.exe V6.24
Assembler:       Armasm.exe V6.24
Linker/Locator:  ArmLink.exe V6.24
Library Manager: ArmAr.exe V6.24
Hex Converter:   FromElf.exe V6.24
CPU DLL:         SARMCM3.DLL V5.43.0.0
Dialog DLL:      DCM.DLL V1.17.5.0
Target DLL:      UL2CM3.DLL V1.164.16.0
Dialog DLL:      TCM.DLL V1.56.6.0
 
<h2>Project:</h2>
D:\C soc files\uart_conc_wr_rd\uart_conc_wr_rd.uvprojx
Project File Date:  04/23/2026

<h2>Output:</h2>
*** Using Compiler 'V6.24', folder: 'C:\Keil\ARM\ARMCLANG\Bin'
Rebuild target 'Target_1'
first.c(20): warning: variable 'read_data' set but not used [-Wunused-but-set-variable]
   20 |     uint32_t read_data;
      |              ^
1 warning generated.
compiling first.c...
assembling startup.s...
linking...
Program Size: Code=304 RO-data=24 RW-data=0 ZI-data=1028  
After Build - User command #1: fromelf -cvf .\Objects\uart_conc_wr_rd.axf --vhx --8x1 -o image.hex
After Build - User command #2: fromelf -cvf .\Objects\uart_conc_wr_rd.axf -o disasm.txt
".\Objects\uart_conc_wr_rd.axf" - 0 Error(s), 1 Warning(s).

<h2>Software Packages used:</h2>

Package Vendor: ARM
                https://www.keil.com/pack/ARM.Cortex_DFP.1.1.0.pack
                ARM::Cortex_DFP@1.1.0
                ARM Cortex Reference Subsystems Device Family Pack

<h2>Collection of Component include folders:</h2>
  C:/Keil/pack/ARM/Cortex_DFP/1.1.0/Device/ARMCM3/Include

<h2>Collection of Component Files used:</h2>
Build Time Elapsed:  00:00:03
</pre>
</body>
</html>
