<html>
<body>
<pre>
<h1>µVision Build Log</h1>
<h2>Tool Versions:</h2>
IDE-Version: µVision V5.39.0.0
Copyright (C) 2023 ARM Ltd and ARM Germany GmbH. All rights reserved.
License Information: prajapati Pradip, scaledge, LIC=----
 
Tool Versions:
Toolchain:       MDK-Lite  Version: 5.39.0.0
Toolchain Path:  C:\Keil_v5\ARM\ARMCLANG\Bin
C Compiler:      ArmClang.exe V6.21
Assembler:       Armasm.exe V6.21
Linker/Locator:  ArmLink.exe V6.21
Library Manager: ArmAr.exe V6.21
Hex Converter:   FromElf.exe V6.21
CPU DLL:         SARMCM3.DLL V5.39.0.0
Dialog DLL:      DCM.DLL V1.17.5.0
Target DLL:      UL2CM3.DLL V1.164.9.0
Dialog DLL:      TCM.DLL V1.56.4.0
 
<h2>Project:</h2>
D:\cortexm3\cortexm3_soc\top\sim\Test_04\first.uvprojx
Project File Date:  05/03/2024

<h2>Output:</h2>
*** Using Compiler 'V6.21', folder: 'C:\Keil_v5\ARM\ARMCLANG\Bin'
Rebuild target 'Target 1'
assembling startup.s...
first.c(34): warning: a function declaration without a prototype is deprecated in all versions of C [-Wstrict-prototypes]
   34 | int main () 
      |          ^
      |           void
first.c(91): warning: declaration shadows a local variable [-Wshadow]
   91 |         for(long int i=0;i<20;i++);
      |                      ^
first.c(39): note: previous declaration is here
   39 |         uint32_t i,j;
      |                  ^
first.c(94): warning: no newline at end of file [-Wnewline-eof]
   94 | }
      |  ^
first.c(63): warning: unsafe buffer access [-Wunsafe-buffer-usage]
   63 |          uart_write_store[j] = 0x00000056 + j;
      |          ^~~~~~~~~~~~~~~~
first.c(64): warning: unsafe buffer access [-Wunsafe-buffer-usage]
   64 |          write_addr(uart_reg_THR, uart_write_store[j]); //THR
      |                                   ^~~~~~~~~~~~~~~~
first.c(5): note: expanded from macro 'write_addr'
    5 | #define write_addr(addr, val) ((*(volatile uint32_t *)addr) = (val))
      |                                                                ^~~
first.c(73): warning: unsafe buffer access [-Wunsafe-buffer-usage]
   73 |           uart_read_store[j]=read_addr(uart_reg_RBR);
      |           ^~~~~~~~~~~~~~~
first.c(79): warning: unsafe buffer access [-Wunsafe-buffer-usage]
   79 |           if(uart_read_store[j] != uart_write_store[j]) {
      |              ^~~~~~~~~~~~~~~
first.c(79): warning: unsafe buffer access [-Wunsafe-buffer-usage]
   79 |           if(uart_read_store[j] != uart_write_store[j]) {
      |                                    ^~~~~~~~~~~~~~~~
8 warnings generated.
compiling first.c...
linking...
Program Size: Code=548 RO-data=24 RW-data=0 ZI-data=1028  
After Build - User command #1: fromelf -cvf .\Objects\first.axf --vhx --8x1 -o image.hex
After Build - User command #2: fromelf -cvf .\Objects\first.axf -o disasm.txt
".\Objects\first.axf" - 0 Error(s), 8 Warning(s).

<h2>Software Packages used:</h2>

Package Vendor: ARM
                http://www.keil.com/pack/ARM.CMSIS.5.9.0.pack
                ARM::CMSIS@5.9.0
                CMSIS (Common Microcontroller Software Interface Standard)

<h2>Collection of Component include folders:</h2>
  C:/Users/Pradip/AppData/Local/Arm/Packs/ARM/CMSIS/5.9.0/Device/ARM/ARMCM4/Include

<h2>Collection of Component Files used:</h2>
Build Time Elapsed:  00:00:01
</pre>
</body>
</html>
