<html>
<body>
<pre>
<h1>µVision Build Log</h1>
<h2>Tool Versions:</h2>
IDE-Version: µVision V5.39.0.0
Copyright (C) 2023 ARM Ltd and ARM Germany GmbH. All rights reserved.
License Information: heer tariwala, Scaledge, LIC=----
 
Tool Versions:
Toolchain:       MDK-Lite  Version: 5.39.0.0
Toolchain Path:  C:\Keil_v5\ARM\ARMCLANG\Bin
C Compiler:      ArmClang.exe V6.21
Assembler:       Armasm.exe V6.21
Linker/Locator:  ArmLink.exe V6.21
Library Manager: ArmAr.exe V6.21
Hex Converter:   FromElf.exe V6.21
CPU DLL:         SARMCM3.DLL V5.39.0.0
Dialog DLL:      DCM.DLL V1.17.5.0
Target DLL:      UL2CM3.DLL V1.164.9.0
Dialog DLL:      TCM.DLL V1.56.4.0
 
<h2>Project:</h2>
L:\C_soc\soc001\cortexm3_soc\prj4.uvprojx
Project File Date:  04/10/2024

<h2>Output:</h2>
*** Using Compiler 'V6.21', folder: 'C:\Keil_v5\ARM\ARMCLANG\Bin'
Rebuild target 'Target 1'
prj4.c(4): warning: a function declaration without a prototype is deprecated in all versions of C [-Wstrict-prototypes]
    4 | int main ()
      |          ^
      |           void
prj4.c(25): warning: no newline at end of file [-Wnewline-eof]
   25 | }
      |  ^
2 warnings generated.
compiling prj4.c...
assembling startup.s...
linking...
Program Size: Code=360 RO-data=44 RW-data=0 ZI-data=1028  
After Build - User command #1: fromelf -cvf .\Objects\prj4.axf --vhx --8x1 -o image.hex
After Build - User command #2: fromelf -cvf .\Objects\prj4.axf -o disasm.txt
".\Objects\prj4.axf" - 0 Error(s), 2 Warning(s).

<h2>Software Packages used:</h2>

Package Vendor: ARM
                http://www.keil.com/pack/ARM.CMSIS.5.9.0.pack
                ARM::CMSIS@5.9.0
                CMSIS (Common Microcontroller Software Interface Standard)

<h2>Collection of Component include folders:</h2>
  C:/Users/Surat/AppData/Local/Arm/Packs/ARM/CMSIS/5.9.0/Device/ARM/ARMCM4/Include

<h2>Collection of Component Files used:</h2>
Build Time Elapsed:  00:00:09
</pre>
</body>
</html>
